---
source: src/builder/tests/delete/delete_rel.rs
expression: res

---
(
    "UPDATE \"public\".\"peoples\" SET \"public\".\"peoples\".\"favorite_color\" = NULL WHERE \"public\".\"peoples\".\"id\"$0",
    Ciboulette2SqlArguments {
        inner: [
            Text(
                Some(
                    "6720877a-e27e-4e9e-9ac0-3fff4deb55f2",
                ),
            ),
        ],
    },
)
