---
source: src/tests/update/query_params.rs
expression: value

---
[
  {
    "id": "[uuid]",
    "type": "peoples",
    "data": {
      "last-name": "Yor el"
    }
  },
  {
    "id": "[uuid]",
    "type": "articles",
    "data": {
      "title": "How to dead"
    },
    "related_type": "articles",
    "related_id": "[uuid]"
  },
  {
    "id": "[uuid]",
    "type": "articles",
    "data": {
      "title": "Oh my g**"
    },
    "related_type": "articles",
    "related_id": "[uuid]"
  },
  {
    "id": "[uuid]",
    "type": "people-article",
    "data": {
      "article_id": "[uuid]",
      "people_id": "[uuid]"
    },
    "related_type": "people-article",
    "related_id": "[uuid]"
  },
  {
    "id": "[uuid]",
    "type": "people-article",
    "data": {
      "article_id": "[uuid]",
      "people_id": "[uuid]"
    },
    "related_type": "people-article",
    "related_id": "[uuid]"
  }
]
