---
source: src/tests/update/query_params.rs
expression: value

---
[
  {
    "id": "[uuid]",
    "type": "comments",
    "data": {
      "body": "Wasnt convinced..."
    },
    "related": null
  },
  {
    "id": "[uuid]",
    "type": "peoples",
    "data": null,
    "related": {
      "type": "comments",
      "id": "[uuid]",
      "meta": null
    }
  }
]
