---
source: src/tests/update/query_params.rs
expression: value

---
[
  {
    "id": "[uuid]",
    "type": "articles",
    "data": {
      "title": "How to dead"
    },
    "related": {
      "type": "peoples",
      "id": "[uuid]",
      "meta": null
    }
  },
  {
    "id": "[uuid]",
    "type": "articles",
    "data": {
      "title": "Oh my g**"
    },
    "related": {
      "type": "peoples",
      "id": "[uuid]",
      "meta": null
    }
  },
  {
    "id": "[uuid]",
    "type": "peoples",
    "data": {
      "last-name": "Yor el"
    },
    "related": null
  }
]
