---
source: src/builder/tests/update/update_rel.rs
expression: "sqlformat::format(query.as_str(), &sqlformat::QueryParams::None,\n                  sqlformat::FormatOptions::default())"

---
WITH "cte_peoples_update_0" AS (
  UPDATE
    "public"."peoples"
  SET
    "favorite_color" = $1
  WHERE
    "public"."peoples"."id" = $2 RETURNING *
),
"cte_peoples_data_1" AS (
  SELECT
    "cte_peoples_update_0"."id" :: TEXT AS "id",
    "cte_peoples_update_0"."id" AS "main_id",
    NULL :: TEXT AS "related_id",
    NULL :: TEXT AS "related_type",
    $3 :: TEXT AS "type",
    JSON_BUILD_OBJECT(
      $4,
      "cte_peoples_update_0"."age",
      $5,
      "cte_peoples_update_0"."first-name",
      $6,
      "cte_peoples_update_0"."gender",
      $7,
      "cte_peoples_update_0"."last-name",
      $8,
      "cte_peoples_update_0"."twitter"
    ) AS "data",
    "cte_peoples_update_0"."favorite_color" AS "rel_favorite_color"
  FROM
    "cte_peoples_update_0"
),
"cte_rel_favorite_color_data_2" AS (
  SELECT
    "public"."favorite_color"."id" :: TEXT AS "id",
    "public"."favorite_color"."id" AS "main_id",
    "cte_peoples_data_1"."id" :: TEXT AS "related_id",
    $9 :: TEXT AS "related_type",
    $10 :: TEXT AS "type",
    NULL :: json AS "data"
  FROM
    "public"."favorite_color"
    INNER JOIN "cte_peoples_data_1" ON "cte_peoples_data_1"."rel_favorite_color" = "public"."favorite_color"."id"
) (
  SELECT
    "cte_rel_favorite_color_data_2"."id",
    "cte_rel_favorite_color_data_2"."type",
    "cte_rel_favorite_color_data_2"."data",
    "cte_rel_favorite_color_data_2"."related_type",
    "cte_rel_favorite_color_data_2"."related_id"
  FROM
    "cte_rel_favorite_color_data_2"
)
UNION
ALL (
  SELECT
    "cte_peoples_data_1"."id",
    "cte_peoples_data_1"."type",
    "cte_peoples_data_1"."data",
    "cte_peoples_data_1"."related_type",
    "cte_peoples_data_1"."related_id"
  FROM
    "cte_peoples_data_1"
);
