---
source: src/builder/tests/update/update_rel.rs
expression: "sqlformat::format(query.as_str(), &sqlformat::QueryParams::None,\n                  sqlformat::FormatOptions::default())"

---
WITH "cte_peoples_update" AS (
  UPDATE
    "public"."peoples"
  SET
    "public"."peoples"."favorite_color" = $1
  WHERE
    "public"."peoples"."id" = $2 RETURNING *
),
"cte_peoples_data" AS (
  SELECT
    "cte_peoples_update"."id" :: TEXT AS "id",
    $3 :: TEXT AS "type",
    JSON_BUILD_OBJECT(
      $4,
      "cte_peoples_update"."age",
      $5,
      "cte_peoples_update"."first-name",
      $6,
      "cte_peoples_update"."gender",
      $7,
      "cte_peoples_update"."last-name",
      $8,
      "cte_peoples_update"."twitter"
    ) AS "data"
  FROM
    "cte_peoples_update"
),
"cte_favorite_color_data" AS (
  SELECT
    "public"."favorite_color"."id" :: TEXT AS "id",
    $9 :: TEXT AS "type",
    NULL :: json AS "data"
  FROM
    "public"."favorite_color"
  WHERE
    "public"."favorite_color"."id" IN (
      SELECT
        "cte_peoples_update"."favorite_color"
      FROM
        "cte_peoples_update"
    )
)
SELECT
  "cte_favorite_color_data"."id",
  "cte_favorite_color_data"."type",
  "cte_favorite_color_data"."data"
FROM
  "cte_favorite_color_data"
UNION
ALL
SELECT
  "cte_peoples_data"."id",
  "cte_peoples_data"."type",
  "cte_peoples_data"."data"
FROM
  "cte_peoples_data";
