---
source: src/builder/tests/inserts/single_rel_cte.rs
expression: "sqlformat::format(query.as_str(), &sqlformat::QueryParams::None,\n                  sqlformat::FormatOptions::default())"

---
SELECT
  "public"."favorite_color"."id" :: TEXT AS "id",
  $1 :: TEXT AS "type",
  NULL :: json AS "data"
FROM
  "public"."favorite_color"
  INNER JOIN "public"."cte_peoples" ON "public"."favorite_color"."id" = "public"."cte_peoples"."favorite_color";
