---
source: src/builder/tests/inserts/cte_final.rs
expression: res

---
(
    "SELECT \"public\".\"peoples\".\"id\"::TEXT AS \"id\", $0::TEXT AS \"type\", JSON_BUILD_OBJECT($1, \"public\".\"peoples\".\"first-name\")  AS \"data\" FROM \"public\".\"peoples\"",
    Ciboulette2SqlArguments {
        inner: [
            Text(
                Some(
                    "peoples",
                ),
            ),
            Text(
                Some(
                    "first-name",
                ),
            ),
        ],
    },
)
