---
source: src/builder/tests/inserts/insert_normal.rs
expression: res

---
(
    "INSERT INTO \"public\".\"mysimpletable\" (\"public\".\"mysimpletable\".\"first-name\", \"public\".\"mysimpletable\".\"last-name\") VALUES ($0, $1)",
    Ciboulette2SqlArguments {
        inner: [
            Text(
                Some(
                    "hello",
                ),
            ),
            Text(
                Some(
                    "world",
                ),
            ),
        ],
    },
)
