---
source: src/builder/tests/inserts/union_select_all.rs
expression: "sqlformat::format(query.as_str(), &sqlformat::QueryParams::None,\n                  sqlformat::FormatOptions::default())"

---
SELECT
  "public"."peoples"."id",
  "public"."peoples"."type",
  "public"."peoples"."data"
FROM
  "public"."peoples";
