---
source: src/tests/test_sql.rs
expression: "serde_json::Value::Object(map)"

---
{
  "peoples": [
    {
      "id": "[uuid]",
      "first-name": "Hello",
      "last-name": "World",
      "favorite_color": null,
      "age": 19,
      "gender": "M",
      "twitter": "@myhandle"
    }
  ],
  "people-article": null,
  "favorite_color": null
}
