---
source: src/builder/tests/gen_values.rs
expression: res

---
(
    "($0::uuid), ($1::uuid)",
    Ciboulette2SqlArguments {
        inner: [
            Text(
                Some(
                    "e1ba7ab3-12f9-4a70-aced-a1637b6a3c23",
                ),
            ),
            Text(
                Some(
                    "4ba2994f-0282-4251-8061-2f9cb92808e6",
                ),
            ),
        ],
    },
)
