---
source: src/builder/tests/cte_final.rs
expression: res

---
(
    "SELECT \"public\".\"peoples\".\"id\"::TEXT AS \"id\", $0::TEXT AS \"type\", NULL::json  AS \"data\" FROM \"public\".\"peoples\"",
    Ciboulette2SqlArguments {
        inner: [
            Text(
                Some(
                    "peoples",
                ),
            ),
        ],
    },
)
