---
source: src/tests/select/select_success.rs
expression: value

---
[
  {
    "id": "[uuid]",
    "type": "peoples",
    "data": {
      "age": 22,
      "first-name": "Francis",
      "gender": "M",
      "last-name": "Le Roy",
      "twitter": null
    },
    "related": null
  },
  {
    "id": "[uuid]",
    "type": "peoples",
    "data": {
      "age": 34,
      "first-name": "Somebody",
      "gender": "F",
      "last-name": "Wuhu",
      "twitter": "@randomhandle"
    },
    "related": null
  },
  {
    "id": "[uuid]",
    "type": "peoples",
    "data": {
      "age": null,
      "first-name": "AAAAAAAA",
      "gender": null,
      "last-name": "BBBBBBBBB",
      "twitter": null
    },
    "related": null
  }
]
