---
source: src/tests/select/select_success.rs
expression: value

---
[
  {
    "id": "[uuid]",
    "type": "comments",
    "related_type": "peoples",
    "related_id": "[uuid]"
  },
  {
    "id": "[uuid]",
    "type": "comments",
    "related_type": "peoples",
    "related_id": "[uuid]"
  },
  {
    "id": "[uuid]",
    "type": "peoples"
  }
]
