---
source: src/tests/select/query_params.rs
expression: value

---
[
  {
    "id": "[uuid]",
    "type": "articles",
    "data": {
      "title": "How to dead"
    }
  },
  {
    "id": "[uuid]",
    "type": "articles",
    "data": {
      "title": "Oh my g**"
    }
  },
  {
    "id": "[uuid]",
    "type": "people-article",
    "data": {
      "article_id": "[uuid]",
      "people_id": "[uuid]"
    }
  },
  {
    "id": "[uuid]",
    "type": "people-article",
    "data": {
      "article_id": "[uuid]",
      "people_id": "[uuid]"
    }
  },
  {
    "id": "[uuid]",
    "type": "peoples",
    "data": {
      "last-name": "Le Roy"
    }
  }
]
