---
source: src/tests/select/query_params.rs
expression: value

---
[
  {
    "id": "[uuid]",
    "type": "articles",
    "related_type": "peoples",
    "related_id": "[uuid]"
  },
  {
    "id": "[uuid]",
    "type": "articles",
    "related_type": "peoples",
    "related_id": "[uuid]"
  },
  {
    "id": "[uuid]",
    "type": "peoples"
  },
  {
    "id": "[uuid]",
    "type": "author",
    "data": {
      "first-name": "Francis"
    },
    "related_type": "articles",
    "related_id": "[uuid]"
  },
  {
    "id": "[uuid]",
    "type": "author",
    "data": {
      "first-name": "Francis"
    },
    "related_type": "articles",
    "related_id": "[uuid]"
  },
  {
    "id": "[uuid]",
    "type": "author",
    "data": {
      "first-name": "Somebody"
    },
    "related_type": "articles",
    "related_id": "[uuid]"
  }
]
